../data/robodoc_output/da1_files/f181080_reformatted_fa.da1
../data/robodoc_output/da1_files/f181090_reformatted_fa.da1
../data/robodoc_output/da1_files/f181056_reformatted_fa.da1
../data/robodoc_output/da1_files/f181066_reformatted_fa.da1
../data/robodoc_output/da1_files/f181076_reformatted_fa.da1
../data/robodoc_output/da1_files/f181078_reformatted_fa.da1
../data/robodoc_output/da1_files/f181075_reformatted_fa.da1
../data/robodoc_output/da1_files/f181065_reformatted_fa.da1
../data/robodoc_output/da1_files/subject7_reformatted_fa.da1
../data/robodoc_output/da1_files/subj12_reformatted_fa.da1
../data/robodoc_output/da1_files/f181055_reformatted_fa.da1
../data/robodoc_output/da1_files/5t_reformatted_fa.da1
../data/robodoc_output/da1_files/f181083_reformatted_fa.da1
../data/robodoc_output/da1_files/f181053_reformatted_fa.da1
../data/robodoc_output/da1_files/f181071b_reformatted_fa.da1
../data/robodoc_output/da1_files/subj14_reformatted_fa.da1
../data/robodoc_output/da1_files/f181068b_reformatted_fa.da1
../data/robodoc_output/da1_files/f181088_reformatted_fa.da1
../data/robodoc_output/da1_files/f181070b_reformatted_fa.da1
../data/robodoc_output/da1_files/f181073_reformatted_fa.da1
../data/robodoc_output/da1_files/subject1_reformatted_fa.da1
../data/robodoc_output/da1_files/f181063_reformatted_fa.da1
../data/robodoc_output/da1_files/f181087b_reformatted_fa.da1
../data/robodoc_output/da1_files/f181086_reformatted_fa.da1
../data/robodoc_output/da1_files/subj16_reformatted_fa.da1
../data/robodoc_output/da1_files/f181051_reformatted_fa.da1
../data/robodoc_output/da1_files/f181084_reformatted_fa.da1
../data/robodoc_output/da1_files/f181089_reformatted_fa.da1
../data/robodoc_output/da1_files/f181052_reformatted_fa.da1
../data/robodoc_output/da1_files/f181050_all_reformatted_fa.da1
../data/robodoc_output/da1_files/subj6_reformatted_fa.da1
../data/robodoc_output/da1_files/f181062_reformatted_fa.da1
../data/robodoc_output/da1_files/f181072_reformatted_fa.da1
../data/robodoc_output/da1_files/f181064_reformatted_fa.da1
../data/robodoc_output/da1_files/f181069_reformatted_fa.da1
../data/robodoc_output/da1_files/f181079_reformatted_fa.da1
../data/robodoc_output/da1_files/f181074_reformatted_fa.da1
../data/robodoc_output/da1_files/f181082_reformatted_fa.da1
../data/robodoc_output/da1_files/f181054_reformatted_fa.da1
../data/robodoc_output/da1_files/subj13_reformatted_fa.da1
../data/robodoc_output/da1_files/f181059_reformatted_fa.da1
../data/robodoc_output/da1_files/f181091_reformatted_fa.da1
../data/robodoc_output/da1_files/f181057_reformatted_fa.da1
../data/robodoc_output/da1_files/subj10_reformatted_fa.da1
../data/robodoc_output/da1_files/f181081_reformatted_fa.da1
../data/robodoc_output/da1_files/f181060t_reformatted_fa.da1
../data/robodoc_output/da1_files/f181067_reformatted_fa.da1
