../data/robodoc/da1_files/subj16_new_fa.da1
../data/robodoc/da1_files/f181084_new_fa.da1
../data/robodoc/da1_files/f181067_new_fa.da1
../data/robodoc/da1_files/f181076_new_fa.da1
../data/robodoc/da1_files/f181089_new_fa.da1
../data/robodoc/da1_files/f181073_new_fa.da1
../data/robodoc/da1_files/f181090_new_fa.da1
../data/robodoc/da1_files/subj13_new_fa.da1
../data/robodoc/da1_files/f181081_new_fa.da1
../data/robodoc/da1_files/f181055_new_fa.da1
../data/robodoc/da1_files/f181062_new_fa.da1
../data/robodoc/da1_files/f181050_all_new_fa.da1
../data/robodoc/da1_files/f181052_new_fa.da1
../data/robodoc/da1_files/f181065_new_fa.da1
../data/robodoc/da1_files/subj14_new_fa.da1
../data/robodoc/da1_files/f181086_new_fa.da1
../data/robodoc/da1_files/f181079_new_fa.da1
../data/robodoc/da1_files/f181071b_new_fa.da1
../data/robodoc/da1_files/f181074_new_fa.da1
../data/robodoc/da1_files/subject7_new_fa.da1
../data/robodoc/da1_files/f181068b_new_fa.da1
../data/robodoc/da1_files/f181057_new_fa.da1
../data/robodoc/da1_files/subj11_new_fa.da1
../data/robodoc/da1_files/f181083_new_fa.da1
../data/robodoc/da1_files/f181072_new_fa.da1
../data/robodoc/da1_files/f181059_new_fa.da1
../data/robodoc/da1_files/f181087b_new_fa.da1
../data/robodoc/da1_files/f181091_new_fa.da1
../data/robodoc/da1_files/subj12_new_fa.da1
../data/robodoc/da1_files/f181080_new_fa.da1
../data/robodoc/da1_files/f181054_new_fa.da1
../data/robodoc/da1_files/f181063_new_fa.da1
../data/robodoc/da1_files/f181066_new_fa.da1
../data/robodoc/da1_files/f181051_new_fa.da1
../data/robodoc/da1_files/f181088_new_fa.da1
../data/robodoc/da1_files/f181077_new_fa.da1
../data/robodoc/da1_files/subject1_new_fa.da1
../data/robodoc/da1_files/f181061_new_fa.da1
../data/robodoc/da1_files/f181056_new_fa.da1
../data/robodoc/da1_files/subj10_new_fa.da1
../data/robodoc/da1_files/f181082_new_fa.da1
../data/robodoc/da1_files/f181053_new_fa.da1
../data/robodoc/da1_files/f181064_new_fa.da1
../data/robodoc/da1_files/f181070b_new_fa.da1
../data/robodoc/da1_files/f181060t_new_fa.da1
../data/robodoc/da1_files/f181078_new_fa.da1
../data/robodoc/da1_files/f181069_new_fa.da1
../data/robodoc/da1_files/f181075_new_fa.da1
