../data/processed_asc/2t_processed.da1
../data/processed_asc/5t_processed.da1
../data/processed_asc/f181050_all_processed.da1
../data/processed_asc/f181051_processed.da1
../data/processed_asc/f181052_processed.da1
../data/processed_asc/f181053_processed.da1
../data/processed_asc/f181054_processed.da1
../data/processed_asc/f181055_processed.da1
../data/processed_asc/f181056_processed.da1
../data/processed_asc/f181057_processed.da1
../data/processed_asc/f181059_processed.da1
../data/processed_asc/f181060t_processed.da1
../data/processed_asc/f181061_processed.da1
../data/processed_asc/f181063_processed.da1
../data/processed_asc/f181064_processed.da1
../data/processed_asc/f181065_processed.da1
../data/processed_asc/f181066_processed.da1
../data/processed_asc/f181068b_processed.da1
../data/processed_asc/f181069_processed.da1
../data/processed_asc/f181070b_processed.da1
../data/processed_asc/f181071b_processed.da1
../data/processed_asc/f181072_processed.da1
../data/processed_asc/f181073_processed.da1
../data/processed_asc/f181074_processed.da1
../data/processed_asc/f181075_processed.da1
../data/processed_asc/f181076_processed.da1
../data/processed_asc/f181077_processed.da1
../data/processed_asc/f181078_processed.da1
../data/processed_asc/f181079_processed.da1
../data/processed_asc/f181080_processed.da1
../data/processed_asc/f181082_processed.da1
../data/processed_asc/f181083_processed.da1
../data/processed_asc/f181084_processed.da1
../data/processed_asc/f181086_processed.da1
../data/processed_asc/f181087b_processed.da1
../data/processed_asc/f181088_processed.da1
../data/processed_asc/f181089_processed.da1
../data/processed_asc/f181090_processed.da1
../data/processed_asc/subj10_processed.da1
../data/processed_asc/subj11_processed.da1
../data/processed_asc/subj12_processed.da1
../data/processed_asc/subj13_processed.da1
../data/processed_asc/subj14_processed.da1
../data/processed_asc/subj16_processed.da1
../data/processed_asc/subj6_processed.da1
../data/processed_asc/subj8_processed.da1
../data/processed_asc/subj9_processed.da1
../data/processed_asc/subject1_processed.da1
../data/processed_asc/subject7_processed.da1
